// Jest Snapshot v1, https://goo.gl/fbAQLP

exports[`WeeklyBoard should render correctly in "debug" mode 1`] = `
<Fragment>
  <DragDropContext
    onDragEnd={[Function]}
  >
    <div
      style={
        Object {
          "padding": 20,
        }
      }
    >
      <Connect(Droppable)
        direction="vertical"
        droppableId="Monday"
        ignoreContainerClipping={false}
        isDropDisabled={false}
        type="DEFAULT"
      >
        <Component />
      </Connect(Droppable)>
      <Connect(Droppable)
        direction="vertical"
        droppableId="Tuesday"
        ignoreContainerClipping={false}
        isDropDisabled={false}
        type="DEFAULT"
      >
        <Component />
      </Connect(Droppable)>
      <Connect(Droppable)
        direction="vertical"
        droppableId="Wednesday"
        ignoreContainerClipping={false}
        isDropDisabled={false}
        type="DEFAULT"
      >
        <Component />
      </Connect(Droppable)>
      <Connect(Droppable)
        direction="vertical"
        droppableId="Thursday"
        ignoreContainerClipping={false}
        isDropDisabled={false}
        type="DEFAULT"
      >
        <Component />
      </Connect(Droppable)>
      <Connect(Droppable)
        direction="vertical"
        droppableId="Friday"
        ignoreContainerClipping={false}
        isDropDisabled={false}
        type="DEFAULT"
      >
        <Component />
      </Connect(Droppable)>
      <Connect(Droppable)
        direction="vertical"
        droppableId="Saturday"
        ignoreContainerClipping={false}
        isDropDisabled={false}
        type="DEFAULT"
      >
        <Component />
      </Connect(Droppable)>
      <Connect(Droppable)
        direction="vertical"
        droppableId="Sunday"
        ignoreContainerClipping={false}
        isDropDisabled={false}
        type="DEFAULT"
      >
        <Component />
      </Connect(Droppable)>
    </div>
  </DragDropContext>
</Fragment>
`;
